
> trendzo@0.1.0 build
> next build

node.exe :  ΓÜá Invalid next.config.mjs options detected: 
At C:\Program Files\nodejs\npm.ps1:29 char:3
+   & $NODE_EXE $NPM_CLI_JS $args
+   ~~~~~~~~~~~~~~~~~~~~~~~~~~~~~
    + CategoryInfo          : NotSpecified: ( ΓÜá Invalid ne...ions detected: :String) [], RemoteException
    + FullyQualifiedErrorId : NativeCommandError
 
 ΓÜá     Unrecognized key(s) in object: 'routes'
 ΓÜá See more info here: https://nextjs.org/docs/messages/invalid-next-config
  Γû▓ Next.js 14.2.33
  - Environments: .env.local

   Creating an optimized production build ...
