🚀 FEAT-070: Viral Prediction Endpoint Testing
================================================================================

================================================================================
🧪 Test 1: Personal Finance - Should Predict Viral
   Expected: viral (DPS >= 70)
================================================================================

📊 RESULTS:
   Predicted DPS: null ⚠️
   Classification: normal ⚠️
   Confidence: 24.0%
   Viral Probability: 24.0%

🧬 BREAKDOWN:
   Pattern-Based Score: null
   Novelty Bonus: +0
   Confidence Factor: 0.6
   Patterns Analyzed: 7

🎯 TOP PATTERNS:
❌ Request failed: Cannot read properties of undefined (reading 'substring')

================================================================================
🧪 Test 2: Generic Advice - Should Predict Normal
   Expected: normal (DPS < 70)
================================================================================

📊 RESULTS:
   Predicted DPS: null ✅
   Classification: normal ✅
   Confidence: 4.0%
   Viral Probability: 4.0%

🧬 BREAKDOWN:
   Pattern-Based Score: null
   Novelty Bonus: +0
   Confidence Factor: 0.1
   Patterns Analyzed: 7

🎯 TOP PATTERNS:
❌ Request failed: Cannot read properties of undefined (reading 'substring')

================================================================================
🧪 Test 3: Fitness Transformation - Should Predict Viral
   Expected: viral (DPS >= 70)
================================================================================

📊 RESULTS:
   Predicted DPS: 30 ⚠️
   Classification: normal ⚠️
   Confidence: 48.0%
   Viral Probability: 48.0%

🧬 BREAKDOWN:
   Pattern-Based Score: 50
   Novelty Bonus: +0
   Confidence Factor: 0.6
   Patterns Analyzed: 0

🎯 TOP PATTERNS:

🔍 VIRAL ELEMENTS:
   Hooks: 3
      • Day 1 vs Day 90
      • I started at 240 pounds
      • Today I ran my first 5K
   Triggers: 3
      • inspiration
      • transformation
      • relatability

💡 RECOMMENDATIONS:
   ❌ Prediction below viral threshold (70). Review hooks and structure.
   ⚠️ Content feels derivative. Add unique angle or fresh perspective.

================================================================================
🧪 Test 4: Contrarian Angle - Should Predict Viral
   Expected: viral (DPS >= 70)
================================================================================

📊 RESULTS:
   Predicted DPS: null ⚠️
   Classification: normal ⚠️
   Confidence: 28.0%
   Viral Probability: 28.0%

🧬 BREAKDOWN:
   Pattern-Based Score: null
   Novelty Bonus: +0
   Confidence Factor: 0.7
   Patterns Analyzed: 7

🎯 TOP PATTERNS:
❌ Request failed: Cannot read properties of undefined (reading 'substring')

================================================================================
🧪 Test 5: Mega-Viral Network Story - Should Predict Mega-Viral
   Expected: mega-viral (DPS >= 80)
================================================================================

📊 RESULTS:
   Predicted DPS: null ⚠️
   Classification: normal ⚠️
   Confidence: 28.0%
   Viral Probability: 28.0%

🧬 BREAKDOWN:
   Pattern-Based Score: null
   Novelty Bonus: +0
   Confidence Factor: 0.7
   Patterns Analyzed: 7

🎯 TOP PATTERNS:
❌ Request failed: Cannot read properties of undefined (reading 'substring')



════════════════════════════════════════════════════════════════════════════════
📋 VALIDATION REPORT
════════════════════════════════════════════════════════════════════════════════

1. PREDICTION RESULTS TABLE:

| Test | Predicted DPS | Classification | Confidence | Makes Sense? |
|------|---------------|----------------|------------|--------------|
| 1    | ERROR         | ERROR          | N/A        | No ❌        |
| 2    | ERROR         | ERROR          | N/A        | No ❌        |
| 3    | 30            | normal         | 48.0%       | No ❌        |
| 4    | ERROR         | ERROR          | N/A        | No ❌        |
| 5    | ERROR         | ERROR          | N/A        | No ❌        |

2. PATTERN MATCH QUALITY:
   - 0/5 predictions seem reasonable
   - Avg patterns analyzed: 0

3. NEXT STEPS DECISION:
   ❌ System needs work. Less than 2/5 predictions make sense.
   → Algorithm needs improvement, not just data

════════════════════════════════════════════════════════════════════════════════
