[bridge] experiment=auto-011
[bridge] hypothesis=Context-only: remove all content features, keep only creator/timing/hashtag/sound
[bridge] acquired sandbox lock id=63d5c06f-1e81-4d99-a8e4-715c159afb5b
[bridge] spawning: python C:\Projects\CleanCopy\src\lib\training\autoresearch\autoresearch_run.py --experiment-id auto-011 --hypothesis Context-only: remove all content features, keep only creator/timing/hashtag/sound --drop-features ffmpeg_duration,ffmpeg_duration_seconds,duration_seconds,ffmpeg_resolution_height,ffmpeg_resolution_width,ffmpeg_fps,ffmpeg_bitrate,ffmpeg_codec,ffmpeg_scene_changes,ffmpeg_cuts_per_second,ffmpeg_avg_motion,ffmpeg_color_variance,ffmpeg_brightness_avg,ffmpeg_contrast_score,ffmpeg_avg_scene_duration,audio_loudness_integrated,audio_loudness_mean_lufs,audio_loudness_range,audio_loudness_peak,audio_loudness_variance,audio_pitch_mean_hz,audio_pitch_variance,audio_pitch_range,audio_pitch_std_dev,audio_pitch_contour_slope,audio_silence_ratio,audio_silence_count,audio_tempo,audio_spectral_centroid,audio_energy_buildup,speaking_rate_wpm,hook_score,hook_confidence,hook_text_score,hook_type_encoded,hook_motion_ratio,hook_audio_intensity,hook_face_present,hook_text_overlay,hook_composition_score,hook_emotion_intensity,hook_first_frame_score,hook_opening_line_score,hook_pattern_match_score,hook_curiosity_gap_score,hook_visual_hook_score,text_word_count,text_sentence_count,text_question_mark_count,text_exclamation_count,text_transcript_length,text_avg_sentence_length,text_unique_word_ratio,text_avg_word_length,text_syllable_count,text_flesch_reading_ease,text_has_cta,text_negative_word_count,text_emoji_count,text_readability_score,text_sentiment_score,text_question_count,text_cta_count,text_hashtag_count_in_text,text_caption_length,text_language,thumb_brightness,thumb_contrast,thumb_colorfulness,thumb_overall_score,thumb_confidence,thumbnail_brightness,thumbnail_contrast,thumbnail_saturation,thumbnail_dominant_color_r,thumbnail_dominant_color_g,thumbnail_dominant_color_b,thumbnail_face_count,thumbnail_text_present,segment_count,segment_avg_duration,segment_shortest,segment_longest,segment_std_dev,visual_scene_count,visual_avg_scene_duration,visual_score,visual_variety_score,visual_complexity_score,visual_proof_ratio,visual_to_verbal_ratio,talking_head_ratio,text_overlay_density,scene_rate_first_half_vs_second,pacing_score,retention_open_loop_count,share_relatability_score,share_utility_score,psych_curiosity_gap_score,psych_power_word_density,psych_direct_address_ratio,psych_social_proof_count,specificity_score,instructional_density,has_step_structure,hedge_word_density,vocal_confidence_composite,meta_duration_seconds,meta_words_per_second,meta_has_viral_hashtag,gemini_overall_score,gemini_hook_effectiveness,gemini_visual_quality,gemini_audio_quality,gemini_content_originality,gemini_engagement_potential,gemini_trend_alignment,gemini_production_value --keep-only-features  --add-features  --exclude-rows-where none --optuna-trials 100 --max-depth-range 3,10 --learning-rate-range 0.01,0.3 --output-dir results-autoresearch/auto-011
=== Autoresearch auto-011 ===
Hypothesis:      Context-only: remove all content features, keep only creator/timing/hashtag/sound
Parent baseline: v15-honest-with-res
Drop features:   ['ffmpeg_duration', 'ffmpeg_duration_seconds', 'duration_seconds', 'ffmpeg_resolution_height', 'ffmpeg_resolution_width', 'ffmpeg_fps', 'ffmpeg_bitrate', 'ffmpeg_codec', 'ffmpeg_scene_changes', 'ffmpeg_cuts_per_second', 'ffmpeg_avg_motion', 'ffmpeg_color_variance', 'ffmpeg_brightness_avg', 'ffmpeg_contrast_score', 'ffmpeg_avg_scene_duration', 'audio_loudness_integrated', 'audio_loudness_mean_lufs', 'audio_loudness_range', 'audio_loudness_peak', 'audio_loudness_variance', 'audio_pitch_mean_hz', 'audio_pitch_variance', 'audio_pitch_range', 'audio_pitch_std_dev', 'audio_pitch_contour_slope', 'audio_silence_ratio', 'audio_silence_count', 'audio_tempo', 'audio_spectral_centroid', 'audio_energy_buildup', 'speaking_rate_wpm', 'hook_score', 'hook_confidence', 'hook_text_score', 'hook_type_encoded', 'hook_motion_ratio', 'hook_audio_intensity', 'hook_face_present', 'hook_text_overlay', 'hook_composition_score', 'hook_emotion_intensity', 'hook_first_frame_score', 'hook_opening_line_score', 'hook_pattern_match_score', 'hook_curiosity_gap_score', 'hook_visual_hook_score', 'text_word_count', 'text_sentence_count', 'text_question_mark_count', 'text_exclamation_count', 'text_transcript_length', 'text_avg_sentence_length', 'text_unique_word_ratio', 'text_avg_word_length', 'text_syllable_count', 'text_flesch_reading_ease', 'text_has_cta', 'text_negative_word_count', 'text_emoji_count', 'text_readability_score', 'text_sentiment_score', 'text_question_count', 'text_cta_count', 'text_hashtag_count_in_text', 'text_caption_length', 'text_language', 'thumb_brightness', 'thumb_contrast', 'thumb_colorfulness', 'thumb_overall_score', 'thumb_confidence', 'thumbnail_brightness', 'thumbnail_contrast', 'thumbnail_saturation', 'thumbnail_dominant_color_r', 'thumbnail_dominant_color_g', 'thumbnail_dominant_color_b', 'thumbnail_face_count', 'thumbnail_text_present', 'segment_count', 'segment_avg_duration', 'segment_shortest', 'segment_longest', 'segment_std_dev', 'visual_scene_count', 'visual_avg_scene_duration', 'visual_score', 'visual_variety_score', 'visual_complexity_score', 'visual_proof_ratio', 'visual_to_verbal_ratio', 'talking_head_ratio', 'text_overlay_density', 'scene_rate_first_half_vs_second', 'pacing_score', 'retention_open_loop_count', 'share_relatability_score', 'share_utility_score', 'psych_curiosity_gap_score', 'psych_power_word_density', 'psych_direct_address_ratio', 'psych_social_proof_count', 'specificity_score', 'instructional_density', 'has_step_structure', 'hedge_word_density', 'vocal_confidence_composite', 'meta_duration_seconds', 'meta_words_per_second', 'meta_has_viral_hashtag', 'gemini_overall_score', 'gemini_hook_effectiveness', 'gemini_visual_quality', 'gemini_audio_quality', 'gemini_content_originality', 'gemini_engagement_potential', 'gemini_trend_alignment', 'gemini_production_value']
Keep only:       (full set)
Add features:    (none)
Row filter:      none
Optuna trials:   100
max_depth range: (3, 10)
learning rate:   (0.01, 0.3)
Fixed n_est:     None
Early stopping:  None

Rows after filter: train=5645 (excl 0), holdout=200 (excl 0)

Feature count: 16  (dropped_requested=118, dropped_dead=15, added=0)

=== auto-011: 16 features, 5645 training rows ===
  trial 1/100, best CV Spearman: 0.3891
  trial 10/100, best CV Spearman: 0.4852
  trial 20/100, best CV Spearman: 0.4909
  trial 30/100, best CV Spearman: 0.4915
  trial 40/100, best CV Spearman: 0.4915
  trial 50/100, best CV Spearman: 0.4915
  trial 60/100, best CV Spearman: 0.4915
  trial 70/100, best CV Spearman: 0.4915
  trial 80/100, best CV Spearman: 0.4915
  trial 90/100, best CV Spearman: 0.4915
  trial 100/100, best CV Spearman: 0.4922
  CV=0.4922+/-0.0150  HOLDOUT Spearman=0.5128  MAE=18.7414
  Top 3: music_is_original(44146), sound_type(41605), has_fyp_hashtag(4885)

Results written to results-autoresearch/auto-011\results.json
Model artefact:    results-autoresearch/auto-011\model.json
CV Spearman:       0.4922 +/- 0.0150
Holdout Spearman:  0.5128
[bridge] parsed results: cv=0.4922 holdout=0.5128 mae=18.74 features=16 rows=5645
[bridge] row finalized as result='degraded' (delta -0.1677 vs v15)
[bridge] training_experiments.id = 63d5c06f-1e81-4d99-a8e4-715c159afb5b
